[
  [1,"<div>A 10\\d</div><div>B 10\\d</div><div>C 10\\d</div>"]
]