[
  ["\"<div></div>\""],
  ["\"<div id=\\\"test-id\\\"><div>text123</div></div>\""]
]