[
  [1,"<div><div><span>1</span> : <span id=\"more\"><!--promise--></span></div><div><span>2</span> : <span id=\"more\"><!--promise--></span></div><div><span>3</span> : <span id=\"more\"><!--promise--></span></div></div>"],
  [2,"<div><div><span>1</span> : <span id=\"more\">1</span></div><div><span>2</span> : <span id=\"more\">2</span></div><div><span>3</span> : <span id=\"more\">3</span></div></div>"]
]