[
  [1,"<div class=\"cmp\"><div>a 300<!--promise--></div><div>b 500<div>bb 300<!--promise--></div><!--promise--></div><div>c 300<div>cc 500<!--promise--></div><!--promise--></div></div><div class=\"cmp\"><div>a 300<!--promise--></div><div>b 500<div>bb 300<!--promise--></div><!--promise--></div><div>c 300<div>cc 500<!--promise--></div><!--promise--></div></div><div class=\"cmp\"><div>a 1300 100<!--promise--></div><div>a 1300 2500<!--promise--></div></div><div class=\"cmp\"><div>a 1300 100<!--promise--></div><div>a 1300 2500<!--promise--></div></div><div class=\"cmp\"><div>a 2500 500<!--promise--></div>later1</div><div class=\"cmp\"><div>a 2500 500<!--promise--></div>later2</div>"]
]