[
  [1,"<div>\"\": 3</div><div>: 3</div><div>null: 3</div><div>\\[\\]: 3</div>"]
]