[
  [1,"e1"],
  [2,"e2"],
  [3,null],
  [4,3,10],
  [5,"consume",10]
]