[
  ["\"Count\"","0"],
  ["\"Count\"","1"],
  ["\"Count\"","2"],
  ["\"Count\"","3"],
  ["\"Count\"","4"],
  ["\"Count\"","5"],
  ["\"Count\"","6"],
  ["\"Count\"","7"],
  ["\"Count\"","8"],
  ["\"Count\"","9"]
]