[
  [1,"Count",0],
  [2,"Count",1],
  [3,"Count",2],
  [4,"Count",3],
  [5,"Count",4],
  [6,"Count",5],
  [7,"Count",6],
  [8,"Count",7],
  [9,"Count",8],
  [10,"Count",9]
]