[
  [1,"yield",0,false],
  [2,"await",[0,false]],
  [3,"yield",1,false],
  [4,"await",[1,false]],
  [5,"yield",2,false],
  [6,"await",[2,false]],
  [7,"yield",0,true],
  [8,"await",[0,true]],
  [9,"yield",1,true],
  [10,"await",[1,true]],
  [11,"yield",2,true],
  [12,"await",[2,true]],
  [13,"yield",0,false],
  [14,"yield",1,false],
  [15,"m-con",[0,false]],
  [16,"multi",[0,false]],
  [17,"yield",2,false],
  [18,"m-con",[1,false]],
  [19,"multi",[1,false]],
  [20,"m-con",[2,false]],
  [21,"multi",[2,false]],
  [22,"yield",0,true],
  [23,"m-con",[0,true]],
  [24,"multi",[0,true]],
  [25,"yield",1,true],
  [26,"m-con",[1,true]],
  [27,"multi",[1,true]],
  [28,"yield",2,true],
  [29,"m-con",[2,true]],
  [30,"multi",[2,true]]
]