[
  ["0","-1"],
  ["506","1000"],
  ["1018","10"],
  ["1518","30"],
  ["2026","50"],
  ["2529","70"],
  ["3034","90"]
]