[
  [1,"o",{"n":2,"s":"a"}],
  [2,"n",2],
  [3,"s","a"],
  [4,"o",{"n":3,"s":"a"}],
  [5,"n",3],
  [6,"o",{"n":4,"s":"b"}],
  [7,"n",4],
  [8,"s","b"],
  [9,"o",{"n":5,"s":"c"}],
  [10,"n",5],
  [11,"s","c"],
  [12,"o",{"n":6,"s":"c"}],
  [13,"n",6],
  [14,"o",{"n":7,"s":"c"}],
  [15,"n",7],
  [16,"o",{"n":8,"s":"d"}],
  [17,"n",8],
  [18,"s","d"]
]