[
  [1,"yield","A",0],
  [2,"Consumed","A0"],
  [3,"yield","A",1],
  [4,"Consumed","A1"],
  [5,"yield","A",2],
  [6,"Consumed","A2"],
  [7,"yield","A",3],
  [8,"finally seq","A"],
  [9,"<span>Item is: A2</span><!--Error: Iterable \"item\" is already piped from another iterator-->"],
  [10,"yield","B",0],
  [11,"Consumed","B0"],
  [12,"yield","B",1],
  [13,"Consumed","B1"],
  [14,"yield","B",2],
  [15,"Consumed","B2"],
  [16,"yield","B",3],
  [17,"Consumed","B3"],
  [18,"yield","B",4],
  [19,"finally seq","B"],
  [20,"<span>Item is: B3</span><!--Error: Iterable \"item\" is already piped from another iterator-->"],
  [21,"yield","C",0],
  [22,"Consumed","C0"],
  [23,"yield","C",1],
  [24,"Consumed","C1"],
  [25,"yield","C",2],
  [26,"Consumed","C2"],
  [27,"yield","C",3],
  [28,"finally seq","C"],
  [29,"<span>Item is: C2</span><!--Error: Iterable \"item\" is already piped from another iterator-->"],
  [30,"yield","B",0],
  [31,"Consumed","B0"],
  [32,"yield","B",1],
  [33,"Consumed","B1"],
  [34,"yield","B",2],
  [35,"Consumed","B2"],
  [36,"yield","B",3],
  [37,"Consumed","B3"],
  [38,"yield","B",4],
  [39,"finally seq","B"],
  [40,"<span>Item is: B3</span><!--Error: Iterable \"item\" is already piped from another iterator-->"],
  [41,"Consumed","B4"]
]