[
  [{ "regex": "0|1|2" },"-1"],
  [{ "regex": "1[0-9]{2}" },"1000"],
  [{ "regex": "2[0-9]{2}" },"10"],
  [{ "regex": "3[0-9]{2}" },"30"],
  [{ "regex": "4[0-9]{2}" },"50"],
  [{ "regex": "5[0-9]{2}" },"70"],
  [{ "regex": "6[0-9]{2}" },"90"]
]