[
  [1,"combine n,s"],
  [2,{"s":"S1"}],
  [3,{"s":"S1","n":1}],
  [4,{"s":"S2","n":1}],
  [5,{"s":"S3","n":1}],
  [6,{"s":"S3","n":2}],
  [7,"finally"],
  [8,{"s":"S4","n":2}],
  [9,{"s":"S4","n":3}],
  [10,"finally"],
  [11,{"s":"S4","n":4}],
  [12,"combine n,s, !partial"],
  [13,{"s":"S1","n":1}],
  [14,{"s":"S2","n":1}],
  [15,{"s":"S3","n":1}],
  [16,{"s":"S3","n":2}],
  [17,"finally"],
  [18,{"s":"S4","n":2}],
  [19,{"s":"S4","n":3}],
  [20,"finally"],
  [21,{"s":"S4","n":4}],
  [22,"combine this-d, e"],
  [23,1,null],
  [24,1,"this:1"],
  [25,2,"this:1"],
  [26,"e is 3"],
  [27,"finally"],
  [28,"finally"]
]