[
  ["\"run:\""],
  ["\"multi\"","\"yield\"","1"],
  ["\"run:\""],
  ["\"next\"","[\"first\",\"multi\",1]"],
  ["\"next\"","[\"second\",\"multi\",1]"],
  ["\"multi\"","\"yield\"","2"],
  ["\"next\"","[\"first\",\"multi\",2]"],
  ["\"next\"","[\"second\",\"multi\",2]"],
  ["\"next\"","[\"first\",\"multi\",2]"],
  ["\"next\"","[\"second\",\"multi\",2]"],
  ["\"multi\"","\"yield\"","3"],
  ["\"next\"","[\"first\",\"multi\",3]"],
  ["\"next\"","[\"second\",\"multi\",3]"],
  ["\"multi\"","\"Exception\"","\"multi throw 3\""],
  ["\"multi\"","\"finally\""],
  ["\"run finally\""],
  ["\"run finally\""],
  ["\"consume\"","\"yield\"","1"],
  ["\"consume 1st\"","[\"consume\",1]"],
  ["\"consume 2nd\"","[\"consume\",1]"],
  ["\"consume\"","\"yield\"","2"],
  ["\"consume 1st\"","[\"consume\",2]"],
  ["\"consume 2nd\"","[\"consume\",2]"],
  ["\"consume 1st\"","[\"consume\",2]"],
  ["\"consume 2nd\"","[\"consume\",2]"],
  ["\"consume\"","\"yield\"","3"],
  ["\"consume 1st\"","[\"consume\",3]"],
  ["\"consume 2nd\"","[\"consume\",3]"],
  ["\"consume\"","\"Exception\"","\"consume throw 3\""],
  ["\"consume\"","\"finally\""],
  ["\"run:\""],
  ["\"waitFor\"","\"yield\"","1"],
  ["\"next\"","[\"waitFor\",1]"],
  ["\"waitFor\"","\"yield\"","2"],
  ["\"next\"","[\"waitFor\",2]"],
  ["\"next\"","[\"waitFor\",2]"],
  ["\"waitFor\"","\"yield\"","3"],
  ["\"next\"","[\"waitFor\",3]"],
  ["\"waitFor\"","\"yield\"","4"],
  ["\"next\"","[\"waitFor\",4]"],
  ["\"waitFor\"","\"yield\"","5"],
  ["\"next\"","[\"waitFor\",5]"],
  ["\"waitFor\"","\"finally\""],
  ["\"run finally\""],
  ["\"run:\""],
  ["\"slow\"","\"yield\"","1"],
  ["\"next\"","[\"slow\",1]"],
  ["\"slow\"","\"yield\"","2"],
  ["\"next\"","[\"slow\",2]"],
  ["\"next\"","[\"slow\",2]"],
  ["\"slow\"","\"yield\"","3"],
  ["\"next\"","[\"slow\",3]"],
  ["\"slow\"","\"yield\"","4"],
  ["\"next\"","[\"slow\",4]"],
  ["\"slow\"","\"yield\"","5"],
  ["\"next\"","[\"slow\",5]"],
  ["\"slow\"","\"finally\""],
  ["\"run finally\""],
  ["\"run:\""],
  ["\"gen\"","\"yield\"","1"],
  ["\"next\"","[\"gen\",1]"],
  ["\"gen\"","\"yield\"","2"],
  ["\"next\"","[\"gen\",2]"],
  ["\"next\"","[\"gen\",2]"],
  ["\"gen\"","\"yield\"","3"],
  ["\"next\"","[\"gen\",3]"],
  ["\"gen\"","\"yield\"","4"],
  ["\"next\"","[\"gen\",4]"],
  ["\"gen\"","\"yield\"","5"],
  ["\"next\"","[\"gen\",5]"],
  ["\"gen\"","\"finally\""],
  ["\"run finally\""],
  ["\"run:\""],
  ["\"filter\"","\"yield\"","1"],
  ["\"next\"","[\"filter\",1]"],
  ["\"filter\"","\"yield\"","2"],
  ["\"filter\"","\"yield\"","3"],
  ["\"next\"","[\"filter\",3]"],
  ["\"filter\"","\"yield\"","4"],
  ["\"filter\"","\"yield\"","5"],
  ["\"next\"","[\"filter\",5]"],
  ["\"filter\"","\"finally\""],
  ["\"run finally\""],
  ["\"run:\""],
  ["\"unique\"","\"yield\"","1"],
  ["\"next\"","[\"unique\",1]"],
  ["\"unique\"","\"yield\"","2"],
  ["\"next\"","[\"unique\",2]"],
  ["\"unique\"","\"yield\"","3"],
  ["\"next\"","[\"unique\",3]"],
  ["\"unique\"","\"yield\"","4"],
  ["\"next\"","[\"unique\",4]"],
  ["\"unique\"","\"yield\"","5"],
  ["\"next\"","[\"unique\",5]"],
  ["\"unique\"","\"finally\""],
  ["\"run finally\""],
  ["\"run:\""],
  ["\"next\"","[\"InitialValue\",0]"],
  ["\"initially\"","\"yield\"","1"],
  ["\"next\"","[\"initially\",1]"],
  ["\"initially\"","\"yield\"","2"],
  ["\"next\"","[\"initially\",2]"],
  ["\"next\"","[\"initially\",2]"],
  ["\"initially\"","\"yield\"","3"],
  ["\"next\"","[\"initially\",3]"],
  ["\"initially\"","\"yield\"","4"],
  ["\"next\"","[\"initially\",4]"],
  ["\"initially\"","\"yield\"","5"],
  ["\"next\"","[\"initially\",5]"],
  ["\"initially\"","\"finally\""],
  ["\"run finally\""],
  ["\"run:\""],
  ["\"map\"","\"yield\"","1"],
  ["\"next\"","[\"mapped\",\"map\",1]"],
  ["\"map\"","\"yield\"","2"],
  ["\"next\"","[\"mapped\",\"map\",2]"],
  ["\"next\"","[\"mapped\",\"map\",2]"],
  ["\"map\"","\"yield\"","3"],
  ["\"next\"","[\"mapped\",\"map\",3]"],
  ["\"map\"","\"yield\"","4"],
  ["\"next\"","[\"mapped\",\"map\",4]"],
  ["\"map\"","\"yield\"","5"],
  ["\"next\"","[\"mapped\",\"map\",5]"],
  ["\"map\"","\"finally\""],
  ["\"run finally\""],
  ["\"run:\""],
  ["\"genThrow\"","\"yield\"","1"],
  ["\"next\"","[\"genThrow\",1]"],
  ["\"genThrow\"","\"yield\"","2"],
  ["\"next\"","[\"genThrow\",2]"],
  ["\"next\"","[\"genThrow\",2]"],
  ["\"genThrow\"","\"yield\"","3"],
  ["\"next\"","[\"genThrow\",3]"],
  ["\"genThrow\"","\"yield\"","4"],
  ["\"next\"","[\"genThrow\",4]"],
  ["\"genThrow\"","\"yield\"","5"],
  ["\"next\"","[\"genThrow\",5]"],
  ["\"genThrow\"","\"Exception\"","\"genThrow throw 5\""],
  ["\"genThrow\"","\"finally\""],
  ["\"run finally\""],
  ["\"run:\""],
  ["\"mapThrow\"","\"yield\"","1"],
  ["\"next\"","[\"mapped\",\"mapThrow\",1]"],
  ["\"mapThrow\"","\"yield\"","2"],
  ["\"next\"","[\"mapped\",\"mapThrow\",2]"],
  ["\"next\"","[\"mapped\",\"mapThrow\",2]"],
  ["\"mapThrow\"","\"yield\"","3"],
  ["\"next\"","[\"mapped\",\"mapThrow\",3]"],
  ["\"mapThrow\"","\"yield\"","4"],
  ["\"next\"","[\"mapped\",\"mapThrow\",4]"],
  ["\"mapThrow\"","\"yield\"","5"],
  ["\"next\"","[\"mapped\",\"mapThrow\",5]"],
  ["\"mapThrow\"","\"Exception\"","\"mapThrow throw 5\""],
  ["\"mapThrow\"","\"finally\""],
  ["\"run finally\""],
  ["\"run:\""],
  ["\"genThrow\"","\"yield\"","1"],
  ["\"next\"","[\"genThrow\",1]"],
  ["\"genThrow\"","\"yield\"","2"],
  ["\"next\"","[\"genThrow\",2]"],
  ["\"next\"","[\"genThrow\",2]"],
  ["\"genThrow\"","\"yield\"","3"],
  ["\"genThrow\"","\"finally\""],
  ["\"run ex\"","\"run Exit 4\""],
  ["\"run finally\""],
  ["\"run:\""],
  ["\"mapThrow\"","\"yield\"","1"],
  ["\"next\"","[\"mapped\",\"mapThrow\",1]"],
  ["\"mapThrow\"","\"yield\"","2"],
  ["\"next\"","[\"mapped\",\"mapThrow\",2]"],
  ["\"next\"","[\"mapped\",\"mapThrow\",2]"],
  ["\"mapThrow\"","\"yield\"","3"],
  ["\"mapThrow\"","\"finally\""],
  ["\"run ex\"","\"run Exit 4\""],
  ["\"run finally\""],
  ["\"run:\""],
  ["\"map\"","\"yield\"","1"],
  ["\"next\"","[\"mapped\",\"map\",1]"],
  ["\"map\"","\"yield\"","2"],
  ["\"next\"","[\"mapped\",\"map\",2]"],
  ["\"next\"","[\"mapped\",\"map\",2]"],
  ["\"map\"","\"yield\"","3"],
  ["\"next\"","[\"mapped\",\"map\",3]"],
  ["\"map\"","\"yield\"","4"],
  ["\"next\"","[\"mapped\",\"map\",4]"],
  ["\"map\"","\"yield\"","5"],
  ["\"next\"","[\"mapped\",\"map\",5]"],
  ["\"map\"","\"Exception\"","\"map throw 5\""],
  ["\"map\"","\"finally\""],
  ["\"run finally\""],
  ["\"run:\""],
  ["\"mapperEx\"","\"yield\"","1"],
  ["\"next\"","[\"mapped\",\"mapperEx\",1]"],
  ["\"mapperEx\"","\"yield\"","2"],
  ["\"next\"","[\"mapped\",\"mapperEx\",2]"],
  ["\"next\"","[\"mapped\",\"mapperEx\",2]"],
  ["\"mapperEx\"","\"yield\"","3"],
  ["\"mapperEx\"","\"Exception\"","\"MapperEX\""],
  ["\"mapperEx\"","\"finally\""],
  ["\"run ex\"","{\"done\":true,\"value\":\"MapperEX\"}"],
  ["\"run finally\""],
  ["\"mapperEx then:\"",null]
]