[
  [1,"o",{"s":"s","n":"n"}],
  [2,"o",{"s":"=s","n":"n"}],
  [3,"o",{"s":"=obj2","n":"=n2"}],
  [4,"o",{"s":"=s2","n":"=n2"}],
  [5,"o","done",{"s":"=obj3","n":"=n3"}],
  [6,"ao",{"s":"s","n":"n"}],
  [7,"ao",{"s":"=s","n":"n"}],
  [8,"ao",{"s":"=obj2","n":"=n2"}],
  [9,"ao",{"s":"=s2","n":"=n2"}],
  [10,"ao","done",{"s":"=obj3","n":"=n3"}],
  [11,"p\\.consumed",{"s":"s","n":"n"}],
  [12,"p\\.consumed",{"s":"=s","n":"n"}],
  [13,"p\\.consumed",{"s":"=obj2","n":"=n2"}],
  [14,"p\\.consumed",{"s":"=s2","n":"=n2"}],
  [15,"p\\.consumed","done",{"s":"=obj3","n":"=n3"}],
  [16,"ap\\.consumed",{"s":"s","n":"n"}],
  [17,"ap\\.consumed",{"s":"=s","n":"n"}],
  [18,"p\\.i",{"s":"=s","n":"n"}],
  [19,"ap\\.consumed",{"s":"=obj2","n":"=n2"}],
  [20,"p\\.i\\.s","=s"],
  [21,"ap\\.i",{"s":"=s","n":"n"}],
  [22,"ap\\.consumed",{"s":"=s2","n":"=n2"}],
  [23,"p\\.i",{"s":"=s2","n":"=n2"}],
  [24,"ap\\.i\\.s","=s"],
  [25,"ap\\.consumed","done",{"s":"=obj3","n":"=n3"}],
  [26,"p\\.i\\.n","=n2"],
  [27,"ap\\.i",{"s":"=s2","n":"=n2"}],
  [28,"p\\.i\\.s","=obj3"],
  [29,"ap\\.i\\.n","=n2"],
  [30,"ap\\.i\\.s","=obj3"],
  [31,"mA",{"s":"s","n":"n"}],
  [32,"mA",{"s":"=s","n":"n"}],
  [33,"mA",{"s":"=obj2","n":"=n2"}],
  [34,"mA",{"s":"=s2","n":"=n2"}],
  [35,"m1",{"s":"=s","n":"n"}],
  [36,"m2",{"s":"=s","n":"n"}],
  [37,"mA","done",{"s":"=obj3","n":"=n3"}],
  [38,"m1",{"s":"=obj3","n":"=n3"}],
  [39,"m2",{"s":"=obj3","n":"=n3"}],
  [40,"mB",{"s":"=obj3","n":"=n3"}],
  [41,"mB",{"s":"=s","n":"=n3"}],
  [42,"mB",{"s":"=obj2","n":"=n2"}],
  [43,"mB",{"s":"=s2","n":"=n2"}],
  [44,"m1",{"s":"=s","n":"=n3"}],
  [45,"m2",{"s":"=s","n":"=n3"}],
  [46,"mB","done",{"s":"=obj3","n":"=n3"}],
  [47,"m1",{"s":"=obj3","n":"=n3"}],
  [48,"m2",{"s":"=obj3","n":"=n3"}]
]