[
  [1,"it is"],
  [2,456],
  [3,"it is"],
  [4,789]
]