[
  [1,"<div><!--promise--></div><div><!--promise--></div><div><!--promise--></div><div>i</div><div>i</div><div>i</div>"],
  [2,"<div>pac 3 \\*</div><div>ac 3 \\*</div><div>i</div><div>psc 3 #</div><div>sc 3 #</div><div>i</div>"]
]