[
  [1,"start Blinky","blink"],
  [2,"start Blinky","mapped"],
  [3,"start Blinky","div"],
  [4,"<div class=\"App\" style=\"border: 1px solid black;\"><input id=\"text\"><ai-ui-container class=\"promise\"><ai-ui-container style=\"display: none;\"></ai-ui-container></ai-ui-container><ai-ui-container class=\"promise\"><ai-ui-container style=\"display: none;\"></ai-ui-container></ai-ui-container><ai-ui-container class=\"promise\"><ai-ui-container style=\"display: none;\"></ai-ui-container></ai-ui-container><div>blink</div><div>mapped</div><ai-ui-container class=\"promise\"><ai-ui-container style=\"display: none;\"></ai-ui-container></ai-ui-container><div style=\"color: red;\">literal 123</div><div>generator <ai-ui-container class=\"promise\"><ai-ui-container style=\"display: none;\"></ai-ui-container></ai-ui-container></div><div style=\"color: green;\">promise <ai-ui-container class=\"promise\"><ai-ui-container style=\"display: none;\"></ai-ui-container></ai-ui-container></div><div>iter/promise <ai-ui-container class=\"promise\"><ai-ui-container style=\"display: none;\"></ai-ui-container></ai-ui-container></div><div><ai-ui-container class=\"promise\"><ai-ui-container style=\"display: none;\"></ai-ui-container></ai-ui-container></div><h2 class=\"Laziest Lazier Lazy\" style=\"border-bottom: 2px solid black; border-right: 2px solid black; border-left: 2px solid black;\" id=\"lazy\">Lovely!<ai-ui-container class=\"promise\"><ai-ui-container style=\"display: none;\"></ai-ui-container></ai-ui-container></h2><pre>&lt;ai-Laziest-Lazier-Lazy&gt;: \\{Laziest\\}\n ↪ &lt;ai-Lazier-Lazy&gt;: \\{Lazier\\}\n ↪ &lt;ai-Lazy&gt;: \\{Lazy, myAttr, thing, myMethod\\}\n ↪ TagCreator: &lt;h2&gt;</pre><h2 class=\"Lazier Lazy\" style=\"border-bottom: 2px solid black; border-right: 2px solid black;\">Super!<ai-ui-container class=\"promise\"><ai-ui-container style=\"display: none;\"></ai-ui-container></ai-ui-container></h2><pre>&lt;ai-Lazier-Lazy&gt;: \\{Lazier\\}\n ↪ &lt;ai-Lazy&gt;: \\{Lazy, myAttr, thing, myMethod\\}\n ↪ TagCreator: &lt;h2&gt;</pre><h2 class=\"Lazy\" style=\"border-bottom: 2px solid black;\">Super duper!<ai-ui-container class=\"promise\"><ai-ui-container style=\"display: none;\"></ai-ui-container></ai-ui-container></h2><pre>&lt;ai-Lazy&gt;: \\{Lazy, myAttr, thing, myMethod\\}\n ↪ TagCreator: &lt;h2&gt;</pre><h2>Super duper 2</h2><pre>TagCreator: &lt;h2&gt;</pre><ai-ui-container class=\"promise\"><ai-ui-container style=\"display: none;\"></ai-ui-container></ai-ui-container></div>"],
  [5,"<div class=\"App\" style=\"border: 1px solid black;\"><input id=\"text\">Enter some text<ai-ui-container class=\"error\">Error: Interval ended.*</ai-ui-container><div>1</div><div style=\"color: rgb\\(136, 0, 136\\);\">blink</div><div style=\"color: rgb\\(136, 0, 136\\);\">mapped</div><div style=\"color: rgb\\(136, 0, 136\\);\">div</div><div style=\"color: red;\">literal 123</div><div style=\"color: red;\">generator  mapped:123</div><div style=\"color: green;\">promise 123</div><div style=\"color: red;\">iter/promise 123</div><div>100</div><h2 class=\"Laziest Lazier Lazy\" style=\"border-bottom: 2px solid black; border-right: 2px solid black; border-left: 2px solid black;\" id=\"lazy\">Lovely! Zzz \\(promise\\) <span>100</span></h2><pre>&lt;ai-Laziest-Lazier-Lazy&gt;: \\{Laziest\\}\n ↪ &lt;ai-Lazier-Lazy&gt;: \\{Lazier\\}\n ↪ &lt;ai-Lazy&gt;: \\{Lazy, myAttr, thing, myMethod\\}\n ↪ TagCreator: &lt;h2&gt;</pre><h2 class=\"Lazier Lazy\" style=\"border-bottom: 2px solid black; border-right: 2px solid black;\">Super! Zzz \\(promise\\) <span>57</span></h2><pre>&lt;ai-Lazier-Lazy&gt;: \\{Lazier\\}\n ↪ &lt;ai-Lazy&gt;: \\{Lazy, myAttr, thing, myMethod\\}\n ↪ TagCreator: &lt;h2&gt;</pre><h2 class=\"Lazy\" style=\"border-bottom: 2px solid black;\">Super duper! Zzz \\(promise\\) <span>57</span></h2><pre>&lt;ai-Lazy&gt;: \\{Lazy, myAttr, thing, myMethod\\}\n ↪ TagCreator: &lt;h2&gt;</pre><h2>Super duper 2</h2><pre>TagCreator: &lt;h2&gt;</pre><pre>&lt;ai-Laziest-Lazier-Lazy&gt;</pre></div>"],
  [6,"finally Blinky","blink"],
  [7,"stop Blinky","blink"],
  [8,"finally Blinky","mapped"],
  [9,"stop Blinky","mapped"],
  [10,"finally Blinky","div"],
  [11,"stop Blinky","div"]
]