[
  [1,"Index \\[1\\]"],
  [2,"^\\d{4}-[01]\\d-[0-3]\\dT[0-2]\\d:[0-5]\\d:[0-5]\\d\\.\\d+([+-][0-2]\\d:[0-5]\\d|Z)$"],
  [3,["^\\d{4}-[01]\\d-[0-3]\\dT[0-2]\\d:[0-5]\\d:[0-5]\\d\\.\\d+([+-][0-2]\\d:[0-5]\\d|Z)$"]],
  [4,1],
  [5,"one"],
  [6,{"s":"string","n":2,"d":"^\\d{4}-[01]\\d-[0-3]\\dT[0-2]\\d:[0-5]\\d:[0-5]\\d\\.\\d+([+-][0-2]\\d:[0-5]\\d|Z)$"},["one",1]],
  [7,"one"]
]